// Jest Snapshot v1, https://goo.gl/fbAQLP

exports[`ModalStatus component test should render correctly 1`] = `
<div
  className="fixed h-full w-full bg-black-200 top-0 flex items-center justify-center"
>
  <div
    className="w-1/3 h-1/6 rounded-2xl flex flex-col overflow-hidden bg-white justify-center"
    onClick={[Function]}
  >
    <div
      className="flex items-center px-5"
    >
      <div>
        <svg
          aria-hidden={true}
          className="MuiSvgIcon-root"
          focusable="false"
          style={
            Object {
              "fill": "rgb(239 68 68)",
              "fontSize": 54,
            }
          }
          viewBox="0 0 24 24"
        >
          <path
            d="M12 2C6.48 2 2 6.48 2 12s4.48 10 10 10 10-4.48 10-10S17.52 2 12 2zm1 15h-2v-2h2v2zm0-4h-2V7h2v6z"
          />
        </svg>
      </div>
      <p
        className="text-3xl ml-4 font-bold text-red-500"
      >
        test message
      </p>
    </div>
  </div>
</div>
`;
